Campaign mode: full
Campaign tag:  ecology_perception_full_v1
Git SHA:       ea1e655395a15116241991faa2772216747d2143

Preflight: compile

Preflight: tests
........................................................................ [ 46%]
........................................................................ [ 92%]
...........                                                              [100%]
155 passed in 8.95s

RUN: ecology_perception_full_v1_b0
Running 300 Q-learning training conditions...
Treatment: B0
Social mode: none
Rewiring: none
Network evaluation: frozen
Git commit: ea1e655395a15116241991faa2772216747d2143
Git worktree dirty: False
Evaluation uses frozen social graphs; social runs include both carried-terminal and reset-initial fresh-network evaluations.
[1/300] uniform_high N=64 replicate=0
[2/300] patchy_high N=64 replicate=0
[3/300] split_high_low N=64 replicate=0
[4/300] uniform_high N=64 replicate=1
[5/300] patchy_high N=64 replicate=1
[6/300] split_high_low N=64 replicate=1
[7/300] uniform_high N=64 replicate=2
[8/300] patchy_high N=64 replicate=2
[9/300] split_high_low N=64 replicate=2
[10/300] uniform_high N=64 replicate=3
[11/300] patchy_high N=64 replicate=3
[12/300] split_high_low N=64 replicate=3
[13/300] uniform_high N=64 replicate=4
[14/300] patchy_high N=64 replicate=4
[15/300] split_high_low N=64 replicate=4
[16/300] uniform_high N=64 replicate=5
[17/300] patchy_high N=64 replicate=5
[18/300] split_high_low N=64 replicate=5
[19/300] uniform_high N=64 replicate=6
[20/300] patchy_high N=64 replicate=6
[21/300] split_high_low N=64 replicate=6
[22/300] uniform_high N=64 replicate=7
[23/300] patchy_high N=64 replicate=7
[24/300] split_high_low N=64 replicate=7
[25/300] uniform_high N=64 replicate=8
[26/300] patchy_high N=64 replicate=8
[27/300] split_high_low N=64 replicate=8
[28/300] uniform_high N=64 replicate=9
[29/300] patchy_high N=64 replicate=9
[30/300] split_high_low N=64 replicate=9
[31/300] uniform_high N=64 replicate=10
[32/300] patchy_high N=64 replicate=10
[33/300] split_high_low N=64 replicate=10
[34/300] uniform_high N=64 replicate=11
[35/300] patchy_high N=64 replicate=11
[36/300] split_high_low N=64 replicate=11
[37/300] uniform_high N=64 replicate=12
[38/300] patchy_high N=64 replicate=12
